__hash:B
_hash:Ya
_meta:ta
_rest:yb
afn:u
arr:i
auto_run:ua
bitmap:J
buf:zb
buffer_:Ea
caught:Ab
chunk:va
cljs$core$Fn$:Zb
cljs$core$IAssociative$:rc
cljs$core$IAssociative$_assoc$arity$3:Ba
cljs$core$IChunk$_drop_first$arity$1:Nb
cljs$core$IChunkedNext$_chunked_next$arity$1:Ob
cljs$core$IChunkedSeq$:sc
cljs$core$IChunkedSeq$_chunked_first$arity$1:Bb
cljs$core$IChunkedSeq$_chunked_rest$arity$1:sb
cljs$core$ICollection$:tc
cljs$core$ICollection$_conj$arity$2:$
cljs$core$ICounted$:$b
cljs$core$ICounted$_count$arity$1:W
cljs$core$IDeref$_deref$arity$1:Za
cljs$core$IEditableCollection$:ac
cljs$core$IEditableCollection$_as_transient$arity$1:$a
cljs$core$IEmptyableCollection$:bc
cljs$core$IEmptyableCollection$_empty$arity$1:X
cljs$core$IEncodeJS$:cc
cljs$core$IEncodeJS$_clj__GT_js$arity$1:dc
cljs$core$IEquiv$_equiv$arity$2:N
cljs$core$IFind$_find$arity$2:gb
cljs$core$IFn$:uc
cljs$core$IFn$_invoke$arity$0:v
cljs$core$IFn$_invoke$arity$1:g
cljs$core$IFn$_invoke$arity$10:Fa
cljs$core$IFn$_invoke$arity$11:Ga
cljs$core$IFn$_invoke$arity$12:Ha
cljs$core$IFn$_invoke$arity$13:Ia
cljs$core$IFn$_invoke$arity$14:Ja
cljs$core$IFn$_invoke$arity$15:Ka
cljs$core$IFn$_invoke$arity$16:La
cljs$core$IFn$_invoke$arity$17:Ma
cljs$core$IFn$_invoke$arity$18:Na
cljs$core$IFn$_invoke$arity$19:Oa
cljs$core$IFn$_invoke$arity$2:h
cljs$core$IFn$_invoke$arity$20:Pa
cljs$core$IFn$_invoke$arity$22:ec
cljs$core$IFn$_invoke$arity$3:j
cljs$core$IFn$_invoke$arity$4:A
cljs$core$IFn$_invoke$arity$5:U
cljs$core$IFn$_invoke$arity$6:xa
cljs$core$IFn$_invoke$arity$7:Qa
cljs$core$IFn$_invoke$arity$8:Ra
cljs$core$IFn$_invoke$arity$9:Sa
cljs$core$IFn$_invoke$arity$variadic:o
cljs$core$IHash$:vc
cljs$core$IHash$_hash$arity$1:R
cljs$core$IIndexed$:Pb
cljs$core$IIndexed$_nth$arity$2:M
cljs$core$IIndexed$_nth$arity$3:la
cljs$core$IIterable$:wc
cljs$core$IIterable$_iterator$arity$1:ma
cljs$core$IKVReduce$:xc
cljs$core$IKVReduce$_kv_reduce$arity$3:tb
cljs$core$IList$:yc
cljs$core$ILookup$:fc
cljs$core$ILookup$_lookup$arity$2:ja
cljs$core$ILookup$_lookup$arity$3:K
cljs$core$IMap$:zc
cljs$core$IMap$_dissoc$arity$2:Cb
cljs$core$IMapEntry$:Ac
cljs$core$IMapEntry$_key$arity$1:hc
cljs$core$IMapEntry$_val$arity$1:ic
cljs$core$IMeta$:jc
cljs$core$IMeta$_meta$arity$1:T
cljs$core$INamed$:Qb
cljs$core$INext$:hb
cljs$core$INext$_next$arity$1:ea
cljs$core$IPrintWithWriter$:Y
cljs$core$IPrintWithWriter$_pr_writer$arity$3:O
cljs$core$IRecord$:Bc
cljs$core$IReduce$:kc
cljs$core$IReduce$_reduce$arity$2:fa
cljs$core$IReduce$_reduce$arity$3:ga
cljs$core$IReset$_reset_BANG_$arity$2:na
cljs$core$ISeq$:ab
cljs$core$ISeq$_first$arity$1:ha
cljs$core$ISeq$_rest$arity$1:ia
cljs$core$ISeqable$:lc
cljs$core$ISeqable$_seq$arity$1:S
cljs$core$ISequential$:Rb
cljs$core$ISet$:Cc
cljs$core$ISet$_disjoin$arity$2:Sb
cljs$core$IStack$_peek$arity$1:ib
cljs$core$IStack$_pop$arity$1:jb
cljs$core$ISwap$_swap_BANG_$arity$2:Db
cljs$core$ISwap$_swap_BANG_$arity$3:Eb
cljs$core$ISwap$_swap_BANG_$arity$4:Fb
cljs$core$ISwap$_swap_BANG_$arity$5:Gb
cljs$core$ITransientAssociative$_assoc_BANG_$arity$3:bb
cljs$core$ITransientCollection$_conj_BANG_$arity$2:cb
cljs$core$ITransientCollection$_persistent_BANG_$arity$1:kb
cljs$core$IVector$:Dc
cljs$core$IVector$_assoc_n$arity$3:Hb
cljs$core$IWatchable$_add_watch$arity$3:ub
cljs$core$IWatchable$_notify_watches$arity$3:Ib
cljs$core$IWatchable$_remove_watch$arity$2:vb
cljs$core$IWithMeta$_with_meta$arity$2:V
cljs$core$IWriter$_write$arity$2:Tb
cljs$lang$applyTo:D
cljs$lang$ctorPrWriter:mc
cljs$lang$ctorStr:wb
cljs$lang$maxFixedArity:F
cljs$lang$protocol_mask$partition$:Ub
cljs$lang$protocol_mask$partition0$:m
cljs$lang$protocol_mask$partition1$:C
cljs$lang$type:Vb
cnt:l
collision_hash:ya
dirty_QMARK_:Ca
edit:I
editable_QMARK_:eb
ensure_editable:Ta
fn:lb
fqn:wa
hasNext:ca
has_nil_QMARK_:da
hash_map:za
i:s
inode_assoc:oa
inode_assoc_BANG_:pa
inode_find:mb
inode_lookup:Ua
inode_seq:nb
inode_without:ob
iter:fb
kv_reduce:pb
len:Va
meta6571:nc
more:qa
mseq:H
next_entry:qb
next_iter:ra
nil_val:aa
nocache_QMARK_:Wb
nodes:sa
ns:rb
off:Z
on_dispose:Xb
on_dispose_arr:Ec
on_set:oc
reagent$ratom$IDisposable$dispose_BANG_$arity$1:Jb
rest:Aa
root_iter:Yb
s:G
sb:pc
scheduled_QMARK_:xb
seen:Kb
str:Da
transient_map:Wa
unicode:Fc
v:qc
val:P
validator:Lb
vec:ka
watches:ba
watchesArr:Mb
watching:Xa
