JSCompiler_StaticMethods_assoc_BANG_:hf
JSCompiler_StaticMethods_cljs$core$ITransientVector$_assoc_n_BANG_$arity$3:te
JSCompiler_StaticMethods_sval:id
JSCompiler_prototypeAlias:g
L 0:a
L 1:b
L 10:n
L 11:p
L 12:q
L 13:u
L 14:w
L 15:A
L 16:C
L 17:M
L 18:S
L 19:ca
L 2:c
L 20:pa
L 21:Aa
L 22:Jf
L 3:d
L 4:e
L 5:f
L 6:h
L 7:k
L 8:l
L 9:m
cljs:ja
cljs$core:ka
cljs$core$ArrayChunk:kd
cljs$core$ArrayNode:Se
cljs$core$ArrayNodeIterator:We
cljs$core$ArrayNodeSeq:cf
cljs$core$Atom:Jd
cljs$core$BitmapIndexedNode:Oe
cljs$core$BitmapIndexedNode$EMPTY:Re
cljs$core$Box:He
cljs$core$ChunkBuffer:jd
cljs$core$ChunkedCons:ld
cljs$core$ChunkedSeq:pe
cljs$core$Cons:ed
cljs$core$ES6EntriesIterator:xe
cljs$core$ES6Iterator:$b
cljs$core$ES6IteratorSeq:bc
cljs$core$ES6SetEntriesIterator:ye
cljs$core$EmptyList:dd
cljs$core$Fn:Ca
cljs$core$HashCollisionNode:$e
cljs$core$HashMapIter:ef
cljs$core$HashSetIter:mf
cljs$core$ICollection:Ia
cljs$core$ICounted:Ea
cljs$core$IEmptyableCollection:Ga
cljs$core$IEncodeJS:If
cljs$core$IFn:Da
cljs$core$IIndexed:Ka
cljs$core$IIndexed$_nth$dyn_7823:La
cljs$core$IIterable:Hb
cljs$core$IKVReduce:jb
cljs$core$IList:qb
cljs$core$ILookup:Pa
cljs$core$ILookup$_lookup$dyn_7844:Ra
cljs$core$IMap:Ua
cljs$core$IMeta:db
cljs$core$INext:Oa
cljs$core$IPrintWithWriter:sb
cljs$core$IRecord:rb
cljs$core$IReduce:gb
cljs$core$IReduce$_reduce$dyn_7904:ib
cljs$core$ISeq:Ma
cljs$core$ISeqable:nb
cljs$core$ISequential:pb
cljs$core$ISet:Ya
cljs$core$ISwap$_swap_BANG_$dyn_7971:Gb
cljs$core$ITER_SYMBOL:wa
cljs$core$IVector:bb
cljs$core$IndexedSeq:J
cljs$core$IndexedSeqIterator:rc
cljs$core$KeySeq:jf
cljs$core$Keyword:H
cljs$core$LazySeq:hd
cljs$core$List:wc
cljs$core$List$EMPTY:N
cljs$core$MapEntry:de
cljs$core$MetaFn:Cc
cljs$core$NeverEquiv:ue
cljs$core$NodeIterator:Ne
cljs$core$NodeSeq:af
cljs$core$PROTOCOL_SENTINEL:t
cljs$core$PersistentArrayMap:v
cljs$core$PersistentArrayMap$EMPTY:Fd
cljs$core$PersistentArrayMap$HASHMAP_THRESHOLD:Ee
cljs$core$PersistentArrayMapIterator:Ae
cljs$core$PersistentArrayMapSeq:ze
cljs$core$PersistentHashMap:ff
cljs$core$PersistentHashMap$EMPTY:Fe
cljs$core$PersistentHashSet:nf
cljs$core$PersistentHashSet$EMPTY:pf
cljs$core$PersistentVector:X
cljs$core$PersistentVector$EMPTY:vc
cljs$core$PersistentVector$EMPTY_NODE:Y
cljs$core$PersistentVector$fromArray:je
cljs$core$RangedIterator:ae
cljs$core$Reduced:hc
cljs$core$StringBufferWriter:Jb
cljs$core$Symbol:Vb
cljs$core$TransientArrayMap:De
cljs$core$TransientHashMap:gf
cljs$core$TransientHashSet:of
cljs$core$TransientVector:ee
cljs$core$ValSeq:kf
cljs$core$VectorNode:Rd
cljs$core$_EQ_:P
cljs$core$_STAR_print_level_STAR_:ma
cljs$core$__destructure_map:Cd
cljs$core$_add_watch:ub
cljs$core$_as_transient:xb
cljs$core$_assoc:Sa
cljs$core$_assoc_BANG_:Ab
cljs$core$_chunked_first:Cb
cljs$core$_chunked_rest:Db
cljs$core$_clj__GT_js:Kf
cljs$core$_conj:Ja
cljs$core$_conj_BANG_:yb
cljs$core$_count:Fa
cljs$core$_deref:cb
cljs$core$_disjoin:Za
cljs$core$_dissoc:Va
cljs$core$_drop_first:Bb
cljs$core$_empty:Ha
cljs$core$_equiv:lb
cljs$core$_find:Ta
cljs$core$_first:E
cljs$core$_hash:mb
cljs$core$_indexOf$cljs$0core$0IFn$0_invoke$0arity$03:Q
cljs$core$_iterator:Ib
cljs$core$_key:Wa
cljs$core$_kv_reduce:kb
cljs$core$_lastIndexOf$cljs$0core$0IFn$0_invoke$0arity$03:T
cljs$core$_lookup:Qa
cljs$core$_meta:eb
cljs$core$_nth:D
cljs$core$_peek:$a
cljs$core$_persistent_BANG_:zb
cljs$core$_pop:ab
cljs$core$_pr_writer:tb
cljs$core$_reduce:hb
cljs$core$_remove_watch:wb
cljs$core$_reset_BANG_:Eb
cljs$core$_rest:Na
cljs$core$_seq:ob
cljs$core$_swap_BANG_:Fb
cljs$core$_val:Xa
cljs$core$_with_meta:fb
cljs$core$_write:F
cljs$core$aclone:xa
cljs$core$apply:Dc
cljs$core$apply$cljs$0core$0IFn$0_invoke$0arity$02:yd
cljs$core$apply$cljs$0core$0IFn$0_invoke$0arity$03:zd
cljs$core$apply$cljs$0core$0IFn$0_invoke$0arity$05:Ad
cljs$core$apply$cljs$0core$0IFn$0_invoke$0arity$0variadic:Bd
cljs$core$apply_to:sd
cljs$core$apply_to_simple$cljs$0core$0IFn$0_invoke$0arity$03:ud
cljs$core$apply_to_simple$cljs$0core$0IFn$0_invoke$0arity$04:vd
cljs$core$apply_to_simple$cljs$0core$0IFn$0_invoke$0arity$05:wd
cljs$core$apply_to_simple$cljs$0core$0IFn$0_invoke$0arity$06:xd
cljs$core$array_QMARK_:ua
cljs$core$array__GT_transient_hash_map:Ge
cljs$core$array_copy:Pc
cljs$core$array_for:Yd
cljs$core$array_index_of:zc
cljs$core$array_reduce$cljs$0core$0IFn$0_invoke$0arity$02:kc
cljs$core$array_reduce$cljs$0core$0IFn$0_invoke$0arity$03:lc
cljs$core$array_reduce$cljs$0core$0IFn$0_invoke$0arity$04:mc
cljs$core$assoc:yc
cljs$core$bit_count:cd
cljs$core$boolean$0:Rc
cljs$core$bounded_count:od
cljs$core$char_escapes:vf
cljs$core$chunk_append:nd
cljs$core$chunk_cons:md
cljs$core$chunked_seq:ie
cljs$core$chunked_seq$cljs$0core$0IFn$0_invoke$0arity$04:he
cljs$core$chunked_seq$cljs$0core$0IFn$0_invoke$0arity$05:qe
cljs$core$chunked_seq_QMARK_:Oc
cljs$core$clj__GT_js:Mf
cljs$core$clone_and_set$cljs$0core$0IFn$0_invoke$0arity$03:Je
cljs$core$coll_QMARK_:Ic
cljs$core$concat:qd
cljs$core$conj:uc
cljs$core$conj_BANG_:rd
cljs$core$cons:U
cljs$core$contains_QMARK_:Tc
cljs$core$count:R
cljs$core$counted_QMARK_:nc
cljs$core$create_array_node_seq:Ye
cljs$core$create_array_node_seq$cljs$0core$0IFn$0_invoke$0arity$01:Xe
cljs$core$create_array_node_seq$cljs$0core$0IFn$0_invoke$0arity$03:df
cljs$core$create_inode_seq:Qe
cljs$core$create_inode_seq$cljs$0core$0IFn$0_invoke$0arity$01:Pe
cljs$core$create_inode_seq$cljs$0core$0IFn$0_invoke$0arity$03:bf
cljs$core$create_node:Ue
cljs$core$create_node$cljs$0core$0IFn$0_invoke$0arity$06:Ve
cljs$core$create_node$cljs$0core$0IFn$0_invoke$0arity$07:Te
cljs$core$deref:jc
cljs$core$disj:Gc
cljs$core$dissoc:Ac
cljs$core$do_assoc:Zd
cljs$core$drop$cljs$0core$0IFn$0_invoke$0arity$02:Nd
cljs$core$drop_last$cljs$0core$0IFn$0_invoke$0arity$02:Od
cljs$core$edit_and_set$cljs$0core$0IFn$0_invoke$0arity$04:Le
cljs$core$empty_QMARK_:Hc
cljs$core$empty_ordered_hash:dc
cljs$core$empty_unordered_hash:fc
cljs$core$equiv_map:we
cljs$core$equiv_sequential:sc
cljs$core$es6_iterator:ac
cljs$core$es6_iterator_seq:Yb
cljs$core$every_QMARK_:Gd
cljs$core$filter$cljs$0core$0IFn$0_invoke$0arity$02:Pd
cljs$core$first:K
cljs$core$fn_QMARK_:Bc
cljs$core$gensym_counter:Hf
cljs$core$get:G
cljs$core$hash:Tb
cljs$core$hash_collision_node_find_index:Ze
cljs$core$hash_combine:Ub
cljs$core$hash_map:Dd
cljs$core$hash_ordered_coll:cc
cljs$core$hash_string:Sb
cljs$core$hash_unordered_coll:ec
cljs$core$identity:$c
cljs$core$ifn_QMARK_:Sc
cljs$core$imul:Lb
cljs$core$inc:gc
cljs$core$indexed_QMARK_:oc
cljs$core$inode_kv_reduce:Me
cljs$core$into:Qd
cljs$core$into_array$cljs$0core$0IFn$0_invoke$0arity$02:ya
cljs$core$iter_reduce$cljs$0core$0IFn$0_invoke$0arity$02:Wc
cljs$core$iter_reduce$cljs$0core$0IFn$0_invoke$0arity$03:Xc
cljs$core$iterable_QMARK_:Xb
cljs$core$key:me
cljs$core$key__GT_js$cljs$0core$0IFn$0_invoke$0arity$02:Lf
cljs$core$key_test:Ie
cljs$core$keys:Be
cljs$core$keyword:gd
cljs$core$lift_ns:Ef
cljs$core$linear_traversal_nth$cljs$0core$0IFn$0_invoke$0arity$03:xc
cljs$core$lookup_sentinel:Qc
cljs$core$m3_fmix:Ob
cljs$core$m3_hash_unencoded_chars:Pb
cljs$core$m3_mix_H1:Nb
cljs$core$m3_mix_K1:Mb
cljs$core$map:Md
cljs$core$map_QMARK_:Lc
cljs$core$map_entry_QMARK_:le
cljs$core$merge:lf
cljs$core$meta:Fc
cljs$core$missing_protocol:z
cljs$core$name:W
cljs$core$namespace:fd
cljs$core$native_satisfies_QMARK_:y
cljs$core$never_equiv:ve
cljs$core$new_path:Vd
cljs$core$next:O
cljs$core$next_STAR_:td
cljs$core$nil_iter:Ed
cljs$core$nth:qc
cljs$core$nth$cljs$0core$0IFn$0_invoke$0arity$02:pc
cljs$core$nth$cljs$0core$0IFn$0_invoke$0arity$03:V
cljs$core$partial:Id
cljs$core$pop_tail:$d
cljs$core$pr_opts:na
cljs$core$pr_sequential_writer:sf
cljs$core$pr_str_STAR_:Kb
cljs$core$pr_str_with_opts:Cf
cljs$core$pr_writer:Z
cljs$core$pr_writer_impl:yf
cljs$core$prim_seq$cljs$0core$0IFn$0_invoke$0arity$02:tc
cljs$core$print_map:zf
cljs$core$print_meta_QMARK_:xf
cljs$core$print_prefix_map:Ff
cljs$core$push_tail:Wd
cljs$core$pv_clone_node:Td
cljs$core$pv_fresh_node:Sd
cljs$core$pv_reduce$cljs$0core$0IFn$0_invoke$0arity$04:be
cljs$core$pv_reduce$cljs$0core$0IFn$0_invoke$0arity$05:ce
cljs$core$quot:bd
cljs$core$quote_string:wf
cljs$core$re_matches:rf
cljs$core$record_QMARK_:Mc
cljs$core$reduce:Ba
cljs$core$reduce$cljs$0core$0IFn$0_invoke$0arity$02:Yc
cljs$core$reduce$cljs$0core$0IFn$0_invoke$0arity$03:za
cljs$core$reduce_kv:Zc
cljs$core$reduced_QMARK_:ic
cljs$core$remove_pair:Ke
cljs$core$reset_BANG_:Kd
cljs$core$rest:Zb
cljs$core$seq:I
cljs$core$seq_reduce$cljs$0core$0IFn$0_invoke$0arity$02:Uc
cljs$core$seq_reduce$cljs$0core$0IFn$0_invoke$0arity$03:Vc
cljs$core$sequential_QMARK_:Kc
cljs$core$set:qf
cljs$core$set_QMARK_:Jc
cljs$core$some:Hd
cljs$core$spread:pd
cljs$core$str:B
cljs$core$string_hash_cache:Qb
cljs$core$string_hash_cache_count:Rb
cljs$core$strip_ns:Df
cljs$core$swap_BANG_:Ld
cljs$core$symbol:Wb
cljs$core$t_cljs$0core6570:la
cljs$core$tail_off:Ud
cljs$core$transduce$cljs$0core$0IFn$0_invoke$0arity$04:ad
cljs$core$truth_:x
cljs$core$tv_editable_root:fe
cljs$core$tv_editable_tail:ge
cljs$core$tv_ensure_editable:re
cljs$core$tv_push_tail:se
cljs$core$type__GT_str:va
cljs$core$unchecked_array_for:Xd
cljs$core$val:ne
cljs$core$vals:Ce
cljs$core$vec:ke
cljs$core$vector:oe
cljs$core$vector_QMARK_:Nc
cljs$core$with_meta:Ec
cljs$core$write_all$cljs$0core$0IFn$0_invoke$0arity$0variadic:uf
cljs$cst$keyword$a_SHARP_download:Lg
cljs$cst$keyword$align_DASH_items:Yf
cljs$cst$keyword$alt_DASH_impl:Af
cljs$cst$keyword$auto_DASH_run:Sf
cljs$cst$keyword$autobind:Bg
cljs$cst$keyword$border_DASH_radius:Rg
cljs$cst$keyword$bottom:vg
cljs$cst$keyword$class:$f
cljs$cst$keyword$cljsLegacyRender:bg
cljs$cst$keyword$componentFunction:Vf
cljs$cst$keyword$componentWillMount:Ng
cljs$cst$keyword$componentWillUnmount:tg
cljs$cst$keyword$component_DASH_did_DASH_update:ng
cljs$cst$keyword$component_DASH_will_DASH_unmount:Hg
cljs$cst$keyword$display:hg
cljs$cst$keyword$displayName:Wf
cljs$cst$keyword$display_DASH_name:Cg
cljs$cst$keyword$div:xg
cljs$cst$keyword$div_DOT_file_DOT_is_DASH_centered_DOT_is_DASH_boxed_DOT_is_DASH_success_DOT_is_DASH_light:Fg
cljs$cst$keyword$div_DOT_is_DASH_overlay:pg
cljs$cst$keyword$div_DOT_level_DASH_item_DOT_level_DASH_middle:Rf
cljs$cst$keyword$div_DOT_level_DASH_item_DOT_level_DASH_right:cg
cljs$cst$keyword$div_DOT_level_DOT_level_DASH_items:yg
cljs$cst$keyword$download:qg
cljs$cst$keyword$dup:sa
cljs$cst$keyword$fallback_DASH_impl:Bf
cljs$cst$keyword$figure_DOT_is_DASH_4by3:Zf
cljs$cst$keyword$flush_DASH_on_DASH_newline:oa
cljs$cst$keyword$height:Dg
cljs$cst$keyword$href:Mg
cljs$cst$keyword$img:fg
cljs$cst$keyword$img_SHARP_preview:mg
cljs$cst$keyword$input_DOT_file_DASH_input:Og
cljs$cst$keyword$input_DOT_input:Of
cljs$cst$keyword$justify_DASH_content:Ig
cljs$cst$keyword$key:sg
cljs$cst$keyword$keyword_DASH_fn:Nf
cljs$cst$keyword$label_DOT_file_DASH_label:Sg
cljs$cst$keyword$left:Tf
cljs$cst$keyword$meta:ra
cljs$cst$keyword$more_DASH_marker:tf
cljs$cst$keyword$name:eg
cljs$cst$keyword$no_DASH_cache:kg
cljs$cst$keyword$on_DASH_change:Pf
cljs$cst$keyword$on_DASH_dispose:Xf
cljs$cst$keyword$on_DASH_set:gg
cljs$cst$keyword$on_DASH_write:rg
cljs$cst$keyword$pointer_DASH_events:Uf
cljs$cst$keyword$position:zg
cljs$cst$keyword$print_DASH_length:ta
cljs$cst$keyword$readably:qa
cljs$cst$keyword$reagentRender:dg
cljs$cst$keyword$reagent_DASH_render:og
cljs$cst$keyword$render:Qf
cljs$cst$keyword$shouldComponentUpdate:Eg
cljs$cst$keyword$span_DOT_file_DASH_cta:Kg
cljs$cst$keyword$span_DOT_file_DASH_label:lg
cljs$cst$keyword$src:ig
cljs$cst$keyword$step:ug
cljs$cst$keyword$style:Qg
cljs$cst$keyword$synthetic_DASH_on_DASH_change:ag
cljs$cst$keyword$synthetic_DASH_on_DASH_update:jg
cljs$cst$keyword$text:Jg
cljs$cst$keyword$type:Pg
cljs$cst$keyword$val:Gf
cljs$cst$keyword$validator:wg
cljs$cst$keyword$value:Ag
cljs$cst$keyword$width:Gg
cljs_shadow$core$app:Ai
cljs_shadow$core$handler:zi
cljs_shadow$core$img_file_to_resized:yi
cljs_shadow$core$img_size:xi
clojure$set$difference:ph
clojure$string$replace:$g
clojure$string$replace_all:Yg
clojure$string$replace_with:Zg
goog$UID_PROPERTY_:ea
goog$exportPath_:ba
goog$getUid:da
goog$global:aa
goog$object$getKeys:ha
goog$string$StringBuffer:ia
goog$typeOf:r
goog$uidCounter_:fa
module$node_modules$create_react_class$index:gh
module$node_modules$react$index:Xg
module$node_modules$react_dom$index:qi
reagent$core$render:vi
reagent$core$render$cljs$0core$0IFn$0_invoke$0arity$02:wi
reagent$dom$re_render_component:ti
reagent$dom$render$cljs$0core$0IFn$0_invoke$0arity$03:ui
reagent$dom$render_comp:si
reagent$dom$roots:ri
reagent$impl$batching$RenderQueue:mh
reagent$impl$batching$compare_mount_order:kh
reagent$impl$batching$fake_raf:ih
reagent$impl$batching$mount_count:hh
reagent$impl$batching$next_tick:jh
reagent$impl$batching$queue_render:oh
reagent$impl$batching$ratom_flush:lh
reagent$impl$batching$render_queue:nh
reagent$impl$component$_STAR_current_component_STAR_:Hh
reagent$impl$component$as_element:Kh
reagent$impl$component$camelify_map_keys:Qh
reagent$impl$component$custom_wrapper:Nh
reagent$impl$component$dash_to_camel:Ph
reagent$impl$component$map_to_js:Sh
reagent$impl$component$obligatory:Oh
reagent$impl$component$props_argv:Ih
reagent$impl$component$rat_opts:Gh
reagent$impl$component$reagent_class_QMARK_:Jh
reagent$impl$component$static_fns:Mh
reagent$impl$component$wrap_funs:Rh
reagent$impl$component$wrap_render:Lh
reagent$impl$template$as_element:ni
reagent$impl$template$convert_prop_value:Xh
reagent$impl$template$expand_seq:pi
reagent$impl$template$find_dom_node:Zh
reagent$impl$template$get_key:ki
reagent$impl$template$input_component_set_value:bi
reagent$impl$template$input_handle_change:ci
reagent$impl$template$input_node_set_value:ai
reagent$impl$template$input_render_setup$cljs$0core$0IFn$0_invoke$0arity$03:di
reagent$impl$template$input_spec:ii
reagent$impl$template$input_unmount:ei
reagent$impl$template$kv_conv:Wh
reagent$impl$template$make_element:hi
reagent$impl$template$named_QMARK_:Uh
reagent$impl$template$native_element:mi
reagent$impl$template$oset:Yh
reagent$impl$template$prop_name_cache:Vh
reagent$impl$template$re_tag:Th
reagent$impl$template$reagent_input_class:fi
reagent$impl$template$reagent_synthetic_input_class:gi
reagent$impl$template$synthetic_input_spec:ji
reagent$impl$template$tag_name_cache:li
reagent$impl$template$these_inputs_have_selection_api:$h
reagent$impl$template$vec_to_elem:oi
reagent$impl$util$_STAR_always_update_STAR_:fh
reagent$impl$util$capitalize:ch
reagent$impl$util$dash_to_camel:dh
reagent$impl$util$dont_camel_case:bh
reagent$impl$util$fun_name:eh
reagent$impl$util$is_client:ah
reagent$ratom$RAtom:zh
reagent$ratom$Reaction:Ch
reagent$ratom$_STAR_ratom_context_STAR_:qh
reagent$ratom$add_w:th
reagent$ratom$atom:Ah
reagent$ratom$deref_capture:rh
reagent$ratom$dispose_BANG_:Bh
reagent$ratom$flush_BANG_:yh
reagent$ratom$handle_reaction_change:vb
reagent$ratom$make_reaction:Dh
reagent$ratom$notify_deref_watcher_BANG_:sh
reagent$ratom$notify_w:vh
reagent$ratom$pr_atom:wh
reagent$ratom$rea_queue:xh
reagent$ratom$remove_w:uh
reagent$ratom$run_in_reaction:Fh
reagent$ratom$temp_reaction:Eh
shadow$js$files:Tg
shadow$js$jsRequire:Wg
shadow$js$nativeRequires:Ug
shadow$js$requireStack:Vg
